[28-Feb-2026 11:34:22 Europe/Berlin] PHP Fatal error:  Uncaught PDOException: SQLSTATE[42S22]: Column not found: 1054 Unknown column 'password' in 'field list' in C:\xampp\htdocs\faculty-leave-management-system cr\server\test_permission_outpass_flow.php:54
Stack trace:
#0 C:\xampp\htdocs\faculty-leave-management-system cr\server\test_permission_outpass_flow.php(54): PDO->exec('UPDATE users SE...')
#1 {main}
  thrown in C:\xampp\htdocs\faculty-leave-management-system cr\server\test_permission_outpass_flow.php on line 54
[28-Feb-2026 11:34:55 Europe/Berlin] PHP Fatal error:  Uncaught PDOException: SQLSTATE[42S22]: Column not found: 1054 Unknown column 'password' in 'field list' in C:\xampp\htdocs\faculty-leave-management-system cr\server\test_permission_outpass_flow.php:54
Stack trace:
#0 C:\xampp\htdocs\faculty-leave-management-system cr\server\test_permission_outpass_flow.php(54): PDO->exec('UPDATE users SE...')
#1 {main}
  thrown in C:\xampp\htdocs\faculty-leave-management-system cr\server\test_permission_outpass_flow.php on line 54
[28-Feb-2026 11:35:17 Europe/Berlin] PHP Fatal error:  Uncaught PDOException: SQLSTATE[42S22]: Column not found: 1054 Unknown column 'password' in 'field list' in C:\xampp\htdocs\faculty-leave-management-system cr\server\test_permission_outpass_flow.php:54
Stack trace:
#0 C:\xampp\htdocs\faculty-leave-management-system cr\server\test_permission_outpass_flow.php(54): PDO->exec('UPDATE users SE...')
#1 {main}
  thrown in C:\xampp\htdocs\faculty-leave-management-system cr\server\test_permission_outpass_flow.php on line 54
[28-Feb-2026 11:35:39 Europe/Berlin] PHP Fatal error:  Uncaught PDOException: SQLSTATE[42S22]: Column not found: 1054 Unknown column 'password' in 'field list' in C:\xampp\htdocs\faculty-leave-management-system cr\server\test_permission_outpass_flow.php:56
Stack trace:
#0 C:\xampp\htdocs\faculty-leave-management-system cr\server\test_permission_outpass_flow.php(56): PDO->exec('UPDATE users SE...')
#1 {main}
  thrown in C:\xampp\htdocs\faculty-leave-management-system cr\server\test_permission_outpass_flow.php on line 56
[28-Feb-2026 11:36:33 Europe/Berlin] PHP Fatal error:  Uncaught PDOException: SQLSTATE[42S22]: Column not found: 1054 Unknown column 'password' in 'field list' in C:\xampp\htdocs\faculty-leave-management-system cr\server\test_permission_outpass_flow.php:44
Stack trace:
#0 C:\xampp\htdocs\faculty-leave-management-system cr\server\test_permission_outpass_flow.php(44): PDO->exec('UPDATE users SE...')
#1 {main}
  thrown in C:\xampp\htdocs\faculty-leave-management-system cr\server\test_permission_outpass_flow.php on line 44
[28-Feb-2026 11:37:21 Europe/Berlin] PHP Fatal error:  Uncaught PDOException: SQLSTATE[42S22]: Column not found: 1054 Unknown column 'password' in 'field list' in C:\xampp\htdocs\faculty-leave-management-system cr\server\reset_test_users.php:4
Stack trace:
#0 C:\xampp\htdocs\faculty-leave-management-system cr\server\reset_test_users.php(4): PDO->exec('UPDATE users SE...')
#1 {main}
  thrown in C:\xampp\htdocs\faculty-leave-management-system cr\server\reset_test_users.php on line 4
[10-Mar-2026 12:00:41 Europe/Berlin] PHP Notice:  session_start(): Ignoring session_start() because a session is already active in C:\xampp\htdocs\faculty-leave-management-system-cr\server\api\rules.php on line 22
[10-Mar-2026 18:13:04 Europe/Berlin] PHP Notice:  session_start(): Ignoring session_start() because a session is already active in C:\xampp\htdocs\faculty-leave-management-system-cr\server\api\rules.php on line 22
[11-Mar-2026 06:14:36 Europe/Berlin] PHP Notice:  session_start(): Ignoring session_start() because a session is already active in C:\xampp\htdocs\faculty-leave-management-system-cr\server\api\rules.php on line 22
[11-Mar-2026 06:14:51 Europe/Berlin] PHP Notice:  session_start(): Ignoring session_start() because a session is already active in C:\xampp\htdocs\faculty-leave-management-system-cr\server\api\rules.php on line 22
[11-Mar-2026 06:15:00 Europe/Berlin] PHP Notice:  session_start(): Ignoring session_start() because a session is already active in C:\xampp\htdocs\faculty-leave-management-system-cr\server\api\rules.php on line 22
